loaded graph marvel

path from IRON-MAN/TONY-STARK to KANGAROO-II:
IRON-MAN/TONY-STARK to ABSORBING-MAN/CARL-C via A-183
ABSORBING-MAN/CARL-C to KANGAROO-II via W2-164

path from SILAS-GRANT to ODIN-[ASGARDIAN]:
SILAS-GRANT to ODIN-[ASGARDIAN] via T-197