created graph g

added node n to g
added node n1 to g

unknown: x

unknown: l
unknown: s