# Tests if a graph can be created and if nodes can be added

# Create a graph
created graph graph1

# Add a pair of nodes
added node n1 to graph1
added node n2 to graph1

# Print the nodes in the graph
graph1 contains: n1 n2