# Find a path with Dijkstra's algorithm when null

created graph simpleGraph

added node A to simpleGraph
added node B to simpleGraph
added node C to simpleGraph

added edge 10.000 from A to C in simpleGraph

path from A to B:
no path found