# Find a path with Dijkstra's algorithm when
# the node is incoming to itself.

created graph simpleGraph

added node A to simpleGraph

added edge 15.000 from A to A in simpleGraph

path from A to A:
total cost: 0.000